******************************************************************************
            TI ARM Clang Linker PC v4.0.0                      
******************************************************************************
>> Linked Fri May  8 11:47:40 2026

OUTPUT FILE NAME:   <Final_Project.out>
ENTRY POINT SYMBOL: "_c_int00_noargs"  address: 00000f1d


MEMORY CONFIGURATION

         name            origin    length      used     unused   attr    fill
----------------------  --------  ---------  --------  --------  ----  --------
  FLASH                 00000000   00020000  00001100  0001ef00  R  X
  SRAM                  20200000   00008000  00000a05  000075fb  RW X
  BCR_CONFIG            41c00000   00000080  00000000  00000080  R   
  BSL_CONFIG            41c00100   00000080  00000000  00000080  R   


SEGMENT ALLOCATION MAP

run origin  load origin   length   init length attrs members
----------  ----------- ---------- ----------- ----- -------
00000000    00000000    00001100   00001100    r-x
  00000000    00000000    000000c0   000000c0    r-- .intvecs
  000000c0    000000c0    00000fa8   00000fa8    r-x .text
  00001068    00001068    00000078   00000078    r-- .rodata
  000010e0    000010e0    00000020   00000020    r-- .cinit
20200000    20200000    00000805   00000000    rw-
  20200000    20200000    00000800   00000000    rw- .sysmem
  20200800    20200800    00000005   00000000    rw- .data
20207e00    20207e00    00000200   00000000    rw-
  20207e00    20207e00    00000200   00000000    rw- .stack


SECTION ALLOCATION MAP

 output                                  attributes/
section   page    origin      length       input sections
--------  ----  ----------  ----------   ----------------
.intvecs   0    00000000    000000c0     
                  00000000    000000c0     startup_mspm0g3507_ticlang.o (.intvecs)

.text      0    000000c0    00000fa8     
                  000000c0    00000184     LaunchPad.o (.text.I2C_mstr_send_internal)
                  00000244    00000170     clock.o (.text.clock_init_40mhz)
                  000003b4    00000170     Light_sensor_main.o (.text.light_read_display)
                  00000524    0000011c     lcd1602.o (.text.lcd1602_write)
                  00000640    000000d4     adc.o (.text.ADC1_init)
                  00000714    000000d0     LaunchPad.o (.text.leds_off)
                  000007e4    000000c0     lcd1602.o (.text.lcd1602_init)
                  000008a4    000000bc     LaunchPad.o (.text.I2C_mstr_init)
                  00000960    000000b4     LaunchPad.o (.text.led_on)
                  00000a14    000000ac     Light_sensor_main.o (.text.TIMA0_C0_pwm_init)
                  00000ac0    000000a8     LaunchPad.o (.text.leds_init)
                  00000b68    0000007c     lcd1602.o (.text.doublebyte_to_ascii)
                  00000be4    0000007c     libc.a : copy_decompress_lzss.c.obj (.text:decompress:lzss)
                  00000c60    00000068     adc.o (.text.ADC1_in)
                  00000cc8    0000005c     LaunchPad.o (.text.I2C_fill_tx_fifo)
                  00000d24    0000004c     Light_sensor_main.o (.text.main)
                  00000d70    00000040     libclang_rt.builtins.a : aeabi_uidivmod.S.obj (.text.__aeabi_uidivmod)
                  00000db0    0000003c     clock.o (.text.usec_delay)
                  00000dec    0000003c     libc.a : autoinit.c.obj (.text:__TI_auto_init_nobinit_nopinit)
                  00000e28    00000038     LaunchPad.o (.text.launchpad_gpio_init)
                  00000e60    00000034     clock.o (.text.msec_delay)
                  00000e94    00000030     Light_sensor_main.o (.text.TIMA0_C0_init)
                  00000ec4    0000002c     Light_sensor_main.o (.text.TIMA0_C0_set_pwm_dc)
                  00000ef0    0000002c     lcd1602.o (.text.lcd_write_doublebyte)
                  00000f1c    00000028     libc.a : boot_cortex_m.c.obj (.text:_c_int00_noargs)
                  00000f44    00000024     lcd1602.o (.text.lcd_write_string)
                  00000f68    00000020     lcd1602.o (.text.lcd_set_backlight_on)
                  00000f88    00000020     lcd1602.o (.text.lcd_set_ddram_addr)
                  00000fa8    0000001e     LaunchPad.o (.text.I2C_mstr_send1)
                  00000fc6    00000018     lcd1602.o (.text.lcd_write_char)
                  00000fde    00000002     libclang_rt.builtins.a : aeabi_div0.c.obj (.text.__aeabi_idiv0)
                  00000fe0    00000014     LaunchPad.o (.text.leds_enable)
                  00000ff4    00000012     libc.a : memcpy16.S.obj (.text:TI_memcpy_small)
                  00001006    00000012            : copy_decompress_none.c.obj (.text:decompress:none)
                  00001018    00000010     Light_sensor_main.o (.text.TIMA0_C0_pwm_enable)
                  00001028    00000010     clock.o (.text.clock_delay)
                  00001038    0000000e     lcd1602.o (.text.lcd_clear)
                  00001046    00000002     --HOLE-- [fill = 0]
                  00001048    00000008     libclang_rt.builtins.a : aeabi_memcpy.S.obj (.text.__aeabi_memcpy)
                  00001050    00000004     startup_mspm0g3507_ticlang.o (.text.Default_Handler)
                  00001054    00000004     startup_mspm0g3507_ticlang.o (.text.HardFault_Handler)
                  00001058    00000004     startup_mspm0g3507_ticlang.o (.text.Reset_Handler)
                  0000105c    00000004     libc.a : pre_init.c.obj (.text._system_pre_init)
                  00001060    00000004            : exit.c.obj (.text:abort)
                  00001064    00000004     --HOLE-- [fill = 0]

.cinit     0    000010e0    00000020     
                  000010e0    00000009     (.cinit..data.load) [load image, compression = lzss]
                  000010e9    00000003     --HOLE-- [fill = 0]
                  000010ec    00000008     (__TI_handler_table)
                  000010f4    00000008     (__TI_cinit_table)
                  000010fc    00000004     --HOLE-- [fill = 0]

.rodata    0    00001068    00000078     
                  00001068    00000060     LaunchPad.o (.rodata.led_config_data)
                  000010c8    00000018     LaunchPad.o (.rodata.iic_config_data)

.init_array 
*          0    00000000    00000000     UNINITIALIZED

.binit     0    00000000    00000000     

.data      0    20200800    00000005     UNINITIALIZED
                  20200800    00000004     clock.o (.data.g_bus_clock_freq)
                  20200804    00000001     lcd1602.o (.data.g_lcd_backlight_mode)

.sysmem    0    20200000    00000800     UNINITIALIZED
                  20200000    00000010     libc.a : memory.c.obj (.sysmem)
                  20200010    000007f0     --HOLE--

.stack     0    20207e00    00000200     UNINITIALIZED
                  20207e00    00000004     libc.a : boot_cortex_m.c.obj (.stack)
                  20207e04    000001fc     --HOLE--

__llvm_prf_cnts 
*          0    20200000    00000000     UNINITIALIZED

__llvm_prf_bits 
*          0    20200000    00000000     UNINITIALIZED

MODULE SUMMARY

       Module                         code   ro data   rw data
       ------                         ----   -------   -------
    .\
       LaunchPad.o                    1330   120       0      
       lcd1602.o                      782    0         1      
       Light_sensor_main.o            724    0         0      
       clock.o                        496    0         4      
       adc.o                          316    0         0      
    +--+------------------------------+------+---------+---------+
       Total:                         3648   120       5      
                                                              
    .\ticlang\
       startup_mspm0g3507_ticlang.o   12     192       0      
    +--+------------------------------+------+---------+---------+
       Total:                         12     192       0      
                                                              
    C:\ti\ccstheia151\ccs\tools\compiler\ti-cgt-armllvm_4.0.0.LTS\lib\armv6m-ti-none-eabi/c/libc.a
       copy_decompress_lzss.c.obj     124    0         0      
       autoinit.c.obj                 60     0         0      
       boot_cortex_m.c.obj            40     0         0      
       copy_decompress_none.c.obj     18     0         0      
       memcpy16.S.obj                 18     0         0      
       exit.c.obj                     4      0         0      
       pre_init.c.obj                 4      0         0      
    +--+------------------------------+------+---------+---------+
       Total:                         268    0         0      
                                                              
    C:\ti\ccstheia151\ccs\tools\compiler\ti-cgt-armllvm_4.0.0.LTS\lib\armv6m-ti-none-eabi/libclang_rt.builtins.a
       aeabi_uidivmod.S.obj           64     0         0      
       aeabi_memcpy.S.obj             8      0         0      
       aeabi_div0.c.obj               2      0         0      
    +--+------------------------------+------+---------+---------+
       Total:                         74     0         0      
                                                              
       Heap:                          0      0         2048   
       Stack:                         0      0         512    
       Linker Generated:              0      25        0      
    +--+------------------------------+------+---------+---------+
       Grand Total:                   4002   337       2565   


LINKER GENERATED COPY TABLES

__TI_cinit_table @ 000010f4 records: 1, size/record: 8, table size: 8
	.data: load addr=000010e0, load size=00000009 bytes, run addr=20200800, run size=00000005 bytes, compression=lzss


LINKER GENERATED HANDLER TABLE

__TI_handler_table @ 000010ec records: 2, size/record: 4, table size: 8
	index: 0, handler: __TI_decompress_lzss
	index: 1, handler: __TI_decompress_none


GLOBAL SYMBOLS: SORTED ALPHABETICALLY BY Name 

address   name                          
-------   ----                          
00001051  ADC0_IRQHandler               
00001051  ADC1_IRQHandler               
00000c61  ADC1_in                       
00000641  ADC1_init                     
00001051  AES_IRQHandler                
00001060  C$$EXIT                       
00001051  CANFD0_IRQHandler             
00001051  DAC0_IRQHandler               
00001051  DMA_IRQHandler                
00001051  Default_Handler               
00001051  GROUP0_IRQHandler             
00001051  GROUP1_IRQHandler             
00001055  HardFault_Handler             
00001051  I2C0_IRQHandler               
00001051  I2C1_IRQHandler               
000008a5  I2C_mstr_init                 
00000fa9  I2C_mstr_send1                
00001051  NMI_Handler                   
00001051  PendSV_Handler                
00001051  RTC_IRQHandler                
00001059  Reset_Handler                 
00001051  SPI0_IRQHandler               
00001051  SPI1_IRQHandler               
00001051  SVC_Handler                   
00001051  SysTick_Handler               
00000e95  TIMA0_C0_init                 
00001019  TIMA0_C0_pwm_enable           
00000a15  TIMA0_C0_pwm_init             
00000ec5  TIMA0_C0_set_pwm_dc           
00001051  TIMA0_IRQHandler              
00001051  TIMA1_IRQHandler              
00001051  TIMG0_IRQHandler              
00001051  TIMG12_IRQHandler             
00001051  TIMG6_IRQHandler              
00001051  TIMG7_IRQHandler              
00001051  TIMG8_IRQHandler              
00000ff5  TI_memcpy_small               
00001051  UART0_IRQHandler              
00001051  UART1_IRQHandler              
00001051  UART2_IRQHandler              
00001051  UART3_IRQHandler              
20208000  __STACK_END                   
00000200  __STACK_SIZE                  
00000800  __SYSMEM_SIZE                 
00000000  __TI_ATRegion0_region_sz      
00000000  __TI_ATRegion0_src_addr       
00000000  __TI_ATRegion0_trg_addr       
00000000  __TI_ATRegion1_region_sz      
00000000  __TI_ATRegion1_src_addr       
00000000  __TI_ATRegion1_trg_addr       
00000000  __TI_ATRegion2_region_sz      
00000000  __TI_ATRegion2_src_addr       
00000000  __TI_ATRegion2_trg_addr       
000010f4  __TI_CINIT_Base               
000010fc  __TI_CINIT_Limit              
000010fc  __TI_CINIT_Warm               
000010ec  __TI_Handler_Table_Base       
000010f4  __TI_Handler_Table_Limit      
00000ded  __TI_auto_init_nobinit_nopinit
00000be5  __TI_decompress_lzss          
00001007  __TI_decompress_none          
ffffffff  __TI_pprof_out_hndl           
ffffffff  __TI_prof_data_size           
ffffffff  __TI_prof_data_start          
00000000  __TI_static_base__            
00000fdf  __aeabi_idiv0                 
00001049  __aeabi_memcpy                
00001049  __aeabi_memcpy4               
00001049  __aeabi_memcpy8               
00000d71  __aeabi_uidiv                 
00000d71  __aeabi_uidivmod              
ffffffff  __binit__                     
UNDEFED   __mpu_init                    
20207e00  __stack                       
20200000  __start___llvm_prf_bits       
20200000  __start___llvm_prf_cnts       
20200000  __stop___llvm_prf_bits        
20200000  __stop___llvm_prf_cnts        
00000f1d  _c_int00_noargs               
20200000  _sys_memory                   
UNDEFED   _system_post_cinit            
0000105d  _system_pre_init              
00001061  abort                         
ffffffff  binit                         
00001029  clock_delay                   
00000245  clock_init_40mhz              
00000b69  doublebyte_to_ascii           
20200800  g_bus_clock_freq              
000010c8  iic_config_data               
00000000  interruptVectors              
00000e29  launchpad_gpio_init           
000007e5  lcd1602_init                  
00000525  lcd1602_write                 
00001039  lcd_clear                     
00000f69  lcd_set_backlight_on          
00000f89  lcd_set_ddram_addr            
00000fc7  lcd_write_char                
00000ef1  lcd_write_doublebyte          
00000f45  lcd_write_string              
00001068  led_config_data               
00000961  led_on                        
00000fe1  leds_enable                   
00000ac1  leds_init                     
00000715  leds_off                      
000003b5  light_read_display            
00000d25  main                          
00000e61  msec_delay                    
00000db1  usec_delay                    


GLOBAL SYMBOLS: SORTED BY Symbol Address 

address   name                          
-------   ----                          
00000000  __TI_ATRegion0_region_sz      
00000000  __TI_ATRegion0_src_addr       
00000000  __TI_ATRegion0_trg_addr       
00000000  __TI_ATRegion1_region_sz      
00000000  __TI_ATRegion1_src_addr       
00000000  __TI_ATRegion1_trg_addr       
00000000  __TI_ATRegion2_region_sz      
00000000  __TI_ATRegion2_src_addr       
00000000  __TI_ATRegion2_trg_addr       
00000000  __TI_static_base__            
00000000  interruptVectors              
00000200  __STACK_SIZE                  
00000245  clock_init_40mhz              
000003b5  light_read_display            
00000525  lcd1602_write                 
00000641  ADC1_init                     
00000715  leds_off                      
000007e5  lcd1602_init                  
00000800  __SYSMEM_SIZE                 
000008a5  I2C_mstr_init                 
00000961  led_on                        
00000a15  TIMA0_C0_pwm_init             
00000ac1  leds_init                     
00000b69  doublebyte_to_ascii           
00000be5  __TI_decompress_lzss          
00000c61  ADC1_in                       
00000d25  main                          
00000d71  __aeabi_uidiv                 
00000d71  __aeabi_uidivmod              
00000db1  usec_delay                    
00000ded  __TI_auto_init_nobinit_nopinit
00000e29  launchpad_gpio_init           
00000e61  msec_delay                    
00000e95  TIMA0_C0_init                 
00000ec5  TIMA0_C0_set_pwm_dc           
00000ef1  lcd_write_doublebyte          
00000f1d  _c_int00_noargs               
00000f45  lcd_write_string              
00000f69  lcd_set_backlight_on          
00000f89  lcd_set_ddram_addr            
00000fa9  I2C_mstr_send1                
00000fc7  lcd_write_char                
00000fdf  __aeabi_idiv0                 
00000fe1  leds_enable                   
00000ff5  TI_memcpy_small               
00001007  __TI_decompress_none          
00001019  TIMA0_C0_pwm_enable           
00001029  clock_delay                   
00001039  lcd_clear                     
00001049  __aeabi_memcpy                
00001049  __aeabi_memcpy4               
00001049  __aeabi_memcpy8               
00001051  ADC0_IRQHandler               
00001051  ADC1_IRQHandler               
00001051  AES_IRQHandler                
00001051  CANFD0_IRQHandler             
00001051  DAC0_IRQHandler               
00001051  DMA_IRQHandler                
00001051  Default_Handler               
00001051  GROUP0_IRQHandler             
00001051  GROUP1_IRQHandler             
00001051  I2C0_IRQHandler               
00001051  I2C1_IRQHandler               
00001051  NMI_Handler                   
00001051  PendSV_Handler                
00001051  RTC_IRQHandler                
00001051  SPI0_IRQHandler               
00001051  SPI1_IRQHandler               
00001051  SVC_Handler                   
00001051  SysTick_Handler               
00001051  TIMA0_IRQHandler              
00001051  TIMA1_IRQHandler              
00001051  TIMG0_IRQHandler              
00001051  TIMG12_IRQHandler             
00001051  TIMG6_IRQHandler              
00001051  TIMG7_IRQHandler              
00001051  TIMG8_IRQHandler              
00001051  UART0_IRQHandler              
00001051  UART1_IRQHandler              
00001051  UART2_IRQHandler              
00001051  UART3_IRQHandler              
00001055  HardFault_Handler             
00001059  Reset_Handler                 
0000105d  _system_pre_init              
00001060  C$$EXIT                       
00001061  abort                         
00001068  led_config_data               
000010c8  iic_config_data               
000010ec  __TI_Handler_Table_Base       
000010f4  __TI_CINIT_Base               
000010f4  __TI_Handler_Table_Limit      
000010fc  __TI_CINIT_Limit              
000010fc  __TI_CINIT_Warm               
20200000  __start___llvm_prf_bits       
20200000  __start___llvm_prf_cnts       
20200000  __stop___llvm_prf_bits        
20200000  __stop___llvm_prf_cnts        
20200000  _sys_memory                   
20200800  g_bus_clock_freq              
20207e00  __stack                       
20208000  __STACK_END                   
ffffffff  __TI_pprof_out_hndl           
ffffffff  __TI_prof_data_size           
ffffffff  __TI_prof_data_start          
ffffffff  __binit__                     
ffffffff  binit                         
UNDEFED   __mpu_init                    
UNDEFED   _system_post_cinit            

[108 symbols]
